[dotenv@17.3.1] injecting env (5) from .env -- tip: ≡ƒ¢í∩╕Å auth for agents: https://vestauth.com
Creating client...
node : UNCAUGHT: `PrismaClient` needs to 
be constructed with a non-empty, valid 
`PrismaClientOptions`:
At line:1 char:1
+ node test-db.js > test-output.txt 2>&1; 
type test-output.txt
+ ~~~~~~~~~~~~~~~~~~~~~~~~~~~~~~~~~~~~~~
    + CategoryInfo          : NotSpecifie 
   d: (UNCAUGHT: `Pris...ClientOptions`:  
  :String) [], RemoteException
    + FullyQualifiedErrorId : NativeComma 
   ndError
 

```
new PrismaClient({
  ...
})
```

or

```
constructor() {
  super({ ... });
}
```
          
PrismaClientInitializationError: 
`PrismaClient` needs to be constructed 
with a non-empty, valid 
`PrismaClientOptions`:

```
new PrismaClient({
  ...
})
```

or

```
constructor() {
  super({ ... });
}
```
          
    at new t (D:\2026\vps\node_modules\@pr
isma\client\runtime\client.js:70:960)
    at Object.<anonymous> 
(D:\2026\vps\test-db.js:9:11)
    at Module._compile 
(node:internal/modules/cjs/loader:1730:14)
    at Object..js 
(node:internal/modules/cjs/loader:1895:10)
    at Module.load 
(node:internal/modules/cjs/loader:1465:32)
    at Function._load 
(node:internal/modules/cjs/loader:1282:12)
    at TracingChannel.traceSync 
(node:diagnostics_channel:322:14)
    at wrapModuleLoad 
(node:internal/modules/cjs/loader:235:24)
    at Function.executeUserEntryPoint [as 
runMain] 
(node:internal/modules/run_main:170:5)
    at 
node:internal/main/run_main_module:36:49
